Compilation failed: grader/hw5/ok-fuzzer/016.jpl:1:5: Unknown function f71_2n in f71_2n((array[C9_ : (N || h)] H4sm6f(P_Ct1i {p, Q}, (sum[M : I] o.b), [h])), (f9_c {k77y7 {Z}, (! i)} == (array[s__9_6 : r.n6, D_ : d(D), A7__ : (array[a : q] P)] (2267 > (! B)))), [(- g), R, t.N, 869883960], (array[r_6 : (19962 / 41), K : y_5, bWZo : (if 628 then (array[] u) else B), w : Of_] Q {9866, (array[] 743024), Q.A[K]}))
