Compilation failed: grader/hw5/ok-fuzzer/019.jpl:1:12: Unknown function X in X((P78 {(array[] 6983030), (- 702021)} < (array[c_e4 : N, ERh9Ol : (array[T_ : 148925892, Y_W2 : N, Tx : (J != f)] (array[] (sum[] w))), j_0045 : 518, Y9_6 : g.V6_6_, Pq : (sum[] (if (sum[] A) then E else A.p))] j8(77, W_, F.P_, (93480 > 818572), (sum[u : A] k.A)))), t__((if (sum[] (j[f] || P)) then w_2355 {O} else [O, p.F, (array[] Q), G]), [31, (if o then 703358828 else f), (! E), (sum[] 454317940)]), J_U(V__ {9334055, KPs_6, [i, w]}, (sum[e3N_ : G.I.O__X3_] 48163), j(y, Mv7_9d(A))), (! 4730), (if 75703 then (sum[g98w2 : c] (if 2662418 then X.X else 2839)) else (rE8_0 {(sum[] g), P, f.p} >= (if i_GZ48 then (array[] z) else T.Un[iq__(36518697, (array[] z.x), (array[] U), (array[g : d, c : N] 7647446090)), (if (if 43389 then 503 else u.r_O) then ((79737 % 2579) + (array[l : k] I.Y)) else [4])]))))
