Compilation failed: grader/hw5/ok-fuzzer/025.jpl:1:30: Unknown function I6_ in I6_((sum[P : (- 53806649.tr), c5_ : E3((sum[m : m, I : n, L : H] (array[] G)), (! e), [y], [r, j], (! n)), D6 : 2499321281, s_4o6_ : 995] (E7B_c1 - (array[VH_7_ : (sum[] I), eVRDM : 64877715] [m][o_, 847352, E(B, C)]))), (! OKX(8203509038, (array[h : c] 6), (i >= 40531281), z.g_504_)), (- y_[uh, o {c}, (sum[v : W] H), (sum[] 852)]))
