Compilation failed: grader/hw5/ok-fuzzer/047.jpl:1:7: Unknown function GNn_qo in GNn_qo(82, (sum[] [A {N}, (array[H55_2J : 303, FOp : 392] (array[] M))]), (208718.e4_44 <= m_YTf_), (array[h_78_w : (array[] (d || (sum[] u.Cr117))), U_ : (LHo((u / K), c.B) >= P[4690778]), H : (if TH {Z} then [S] else 132[n_tf1b]), N : (array[K_ : u, d_l0V : (! J), UnJ9 : 4573490] Z92V_3 {913621, H, Q.I})] (if 959249118[i, j] then (array[z : 76, Hj79 : N, LS_k77 : N] qK(q)) else ([A.l, D, (N < H), e, v] < (sum[] M.AJ.H_)))), X {(if W.X then c else T)}.PR_s_)
